// Jest Snapshot v1, https://goo.gl/fbAQLP

exports[`button.styles ButtonContainer should match snapshot 1`] = `
.c0 {
  display: flex;
  align-items: center;
  justify-content: center;
  gap: 8px;
  padding: 8px 24px;
  border-radius: 8px;
  border: none;
  height: 40px;
  transition: all 0.2s ease;
  background-color: #d3d3d3;
  cursor: pointer;
}

.c0:hover {
  opacity: 0.9;
}

.c0:active {
  transform: scale(0.98);
}

.c0:disabled {
  cursor: default;
}

.c0:disabled:hover {
  opacity: 1;
}

<button
  class="c0"
/>
`;

exports[`button.styles ButtonIcon should match snapshot 1`] = `
<svg
  class=""
  fill="#ffffff"
  height="24"
  style="min-width: 24px; min-height: 24px; max-width: 24px; max-height: 24px;"
  width="24"
/>
`;

exports[`button.styles ButtonText should match snapshot 1`] = `
.c0 {
  font-size: 14px;
  font-family: Inter-Regular;
  color: #ffffff;
  margin-top: 0px;
  font-weight: normal;
  text-transform: none;
  cursor: text;
}

.c1 {
  white-space: nowrap;
  cursor: inherit;
}

<p
  class="c0 c1"
>
  Text
</p>
`;
